build started 16:56:42
zyraxon full sync
  base       origin/main
  chunk size 55
  pr count   25
  wanted     43087
  adds       20857
  removes    240
  chunks     433
  branches   25
  per pr     ~17 commits
  zyraxon/sync-01 done  18 commits
  25 commits  (on zyraxon/sync-02)
  zyraxon/sync-02 done  18 commits
  50 commits  (on zyraxon/sync-03)
  zyraxon/sync-03 done  18 commits
  zyraxon/sync-04 done  18 commits
  75 commits  (on zyraxon/sync-05)
  zyraxon/sync-05 done  18 commits

build exit=-1 17:41:28
zyraxon/sync-01 merge-base=f1ecb53a2a96626c65f6b497c6bf4545feebea4e commits=18
zyraxon/sync-13 merge-base=git : fatal: Not a valid object name zyraxon/sync-13
At C:\Users\MMP\Downloads\ZYRAXON-AI-main\.sync-build.ps1:14 char:10
+   $mb = (git merge-base origin/main $x 2>&1 | Out-String).Trim()
+          ~~~~~~~~~~~~~~~~~~~~~~~~~~~~~~~~~~
    + CategoryInfo          : NotSpecified: (fatal: Not a va...zyraxon/sync-13:String) [], RemoteException
    + FullyQualifiedErrorId : NativeCommandError commits=git : fatal: ambiguous argument 'origin/main..zyraxon/sync-13': unknown revision or path not in the working tree.
At C:\Users\MMP\Downloads\ZYRAXON-AI-main\.sync-build.ps1:15 char:9
+   $c = (git rev-list --count "origin/main..$x" 2>&1 | Out-String).Tri ...
+         ~~~~~~~~~~~~~~~~~~~~~~~~~~~~~~~~~~~~~~~~~~~
    + CategoryInfo          : NotSpecified: (fatal: ambiguou...e working tree.:String) [], RemoteException
    + FullyQualifiedErrorId : NativeCommandError
 
Use '--' to separate paths from revisions, like this:
'git <command> [<revision>...] -- [<file>...]'
