single-commit sync started 18:12:49
base     origin/main
branch   zyraxon/full-sync
git add -A
  staged in 121s
staged   31781 (31781 project, 0 build output)
final    31781 paths in 656 systems
commit   be85a05cd

pushing
pushed in 127s

opening pull request
https://github.com/onelpawarai-X/ZYRAXON-AI/pull/84

merging
X Pull request onelpawarai-X/ZYRAXON-AI#84 is not mergeable: the merge commit cannot be cleanly created.
To have the pull request merged after all the requirements have been met, add the `--auto` flag.
Run the following to resolve the merge conflicts locally:
  gh pr checkout 84 && git fetch origin main && git merge origin/main
merge exit 1
origin/main is now 55b51f19e

exit=0 18:18:14
DONE 18:18:14
